// Jest Snapshot v1, https://goo.gl/fbAQLP

exports[`Pruebas en el Entry Component debe de hacer match con el snapshot 1`] = `
<div class="entry-container mb-3 pointer p-2">
  <!-- titulo -->
  <div class="entry-title d-flex"><span class="text-success fs-5 fw-bold">9</span><span class="mx-1 fs-5">Diciembre</span><span class="mx-2 fw-light">2021, Jueves</span></div><!-- descripcion -->
  <div class="entry-description">Hola desde el mock data</div>
</div>
`;
